// Jest Snapshot v1, https://goo.gl/fbAQLP

exports[`#Items renders 1`] = `
initialize {
  "0": Object {
    "attribs": Object {
      "class": "css-1vrn7q0",
    },
    "children": Array [
      Object {
        "attribs": Object {
          "class": "css-112hoo",
        },
        "children": Array [
          Object {
            "attribs": Object {
              "class": "css-vysmdk",
            },
            "children": Array [
              Object {
                "attribs": Object {
                  "class": "css-o49gr9",
                  "disabled": "",
                },
                "children": Array [
                  Object {
                    "data": "Active Orders",
                    "next": null,
                    "parent": [Circular],
                    "prev": null,
                    "type": "text",
                  },
                ],
                "name": "button",
                "namespace": "http://www.w3.org/1999/xhtml",
                "next": Object {
                  "attribs": Object {
                    "class": "css-1t2d71z",
                  },
                  "children": Array [
                    Object {
                      "data": "Historical Orders",
                      "next": null,
                      "parent": [Circular],
                      "prev": null,
                      "type": "text",
                    },
                  ],
                  "name": "button",
                  "namespace": "http://www.w3.org/1999/xhtml",
                  "next": null,
                  "parent": [Circular],
                  "prev": [Circular],
                  "type": "tag",
                  "x-attribsNamespace": Object {
                    "class": undefined,
                  },
                  "x-attribsPrefix": Object {
                    "class": undefined,
                  },
                },
                "parent": [Circular],
                "prev": null,
                "type": "tag",
                "x-attribsNamespace": Object {
                  "class": undefined,
                  "disabled": undefined,
                },
                "x-attribsPrefix": Object {
                  "class": undefined,
                  "disabled": undefined,
                },
              },
              Object {
                "attribs": Object {
                  "class": "css-1t2d71z",
                },
                "children": Array [
                  Object {
                    "data": "Historical Orders",
                    "next": null,
                    "parent": [Circular],
                    "prev": null,
                    "type": "text",
                  },
                ],
                "name": "button",
                "namespace": "http://www.w3.org/1999/xhtml",
                "next": null,
                "parent": [Circular],
                "prev": Object {
                  "attribs": Object {
                    "class": "css-o49gr9",
                    "disabled": "",
                  },
                  "children": Array [
                    Object {
                      "data": "Active Orders",
                      "next": null,
                      "parent": [Circular],
                      "prev": null,
                      "type": "text",
                    },
                  ],
                  "name": "button",
                  "namespace": "http://www.w3.org/1999/xhtml",
                  "next": [Circular],
                  "parent": [Circular],
                  "prev": null,
                  "type": "tag",
                  "x-attribsNamespace": Object {
                    "class": undefined,
                    "disabled": undefined,
                  },
                  "x-attribsPrefix": Object {
                    "class": undefined,
                    "disabled": undefined,
                  },
                },
                "type": "tag",
                "x-attribsNamespace": Object {
                  "class": undefined,
                },
                "x-attribsPrefix": Object {
                  "class": undefined,
                },
              },
            ],
            "name": "div",
            "namespace": "http://www.w3.org/1999/xhtml",
            "next": null,
            "parent": [Circular],
            "prev": null,
            "type": "tag",
            "x-attribsNamespace": Object {
              "class": undefined,
            },
            "x-attribsPrefix": Object {
              "class": undefined,
            },
          },
        ],
        "name": "div",
        "namespace": "http://www.w3.org/1999/xhtml",
        "next": Object {
          "attribs": Object {
            "class": "css-1tbpetn",
          },
          "children": Array [
            Object {
              "attribs": Object {
                "class": "sc-AykKC fhVZNx css-vurnku",
              },
              "children": Array [],
              "name": "div",
              "namespace": "http://www.w3.org/1999/xhtml",
              "next": Object {
                "attribs": Object {
                  "class": "sc-AykKC ljxIMJ css-vurnku",
                },
                "children": Array [],
                "name": "div",
                "namespace": "http://www.w3.org/1999/xhtml",
                "next": Object {
                  "attribs": Object {
                    "class": "sc-AykKC fhVZNx css-vurnku",
                  },
                  "children": Array [],
                  "name": "div",
                  "namespace": "http://www.w3.org/1999/xhtml",
                  "next": Object {
                    "attribs": Object {
                      "class": "sc-AykKC ljxIMJ css-vurnku",
                    },
                    "children": Array [],
                    "name": "div",
                    "namespace": "http://www.w3.org/1999/xhtml",
                    "next": null,
                    "parent": [Circular],
                    "prev": [Circular],
                    "type": "tag",
                    "x-attribsNamespace": Object {
                      "class": undefined,
                    },
                    "x-attribsPrefix": Object {
                      "class": undefined,
                    },
                  },
                  "parent": [Circular],
                  "prev": [Circular],
                  "type": "tag",
                  "x-attribsNamespace": Object {
                    "class": undefined,
                  },
                  "x-attribsPrefix": Object {
                    "class": undefined,
                  },
                },
                "parent": [Circular],
                "prev": [Circular],
                "type": "tag",
                "x-attribsNamespace": Object {
                  "class": undefined,
                },
                "x-attribsPrefix": Object {
                  "class": undefined,
                },
              },
              "parent": [Circular],
              "prev": null,
              "type": "tag",
              "x-attribsNamespace": Object {
                "class": undefined,
              },
              "x-attribsPrefix": Object {
                "class": undefined,
              },
            },
            Object {
              "attribs": Object {
                "class": "sc-AykKC ljxIMJ css-vurnku",
              },
              "children": Array [],
              "name": "div",
              "namespace": "http://www.w3.org/1999/xhtml",
              "next": Object {
                "attribs": Object {
                  "class": "sc-AykKC fhVZNx css-vurnku",
                },
                "children": Array [],
                "name": "div",
                "namespace": "http://www.w3.org/1999/xhtml",
                "next": Object {
                  "attribs": Object {
                    "class": "sc-AykKC ljxIMJ css-vurnku",
                  },
                  "children": Array [],
                  "name": "div",
                  "namespace": "http://www.w3.org/1999/xhtml",
                  "next": null,
                  "parent": [Circular],
                  "prev": [Circular],
                  "type": "tag",
                  "x-attribsNamespace": Object {
                    "class": undefined,
                  },
                  "x-attribsPrefix": Object {
                    "class": undefined,
                  },
                },
                "parent": [Circular],
                "prev": [Circular],
                "type": "tag",
                "x-attribsNamespace": Object {
                  "class": undefined,
                },
                "x-attribsPrefix": Object {
                  "class": undefined,
                },
              },
              "parent": [Circular],
              "prev": Object {
                "attribs": Object {
                  "class": "sc-AykKC fhVZNx css-vurnku",
                },
                "children": Array [],
                "name": "div",
                "namespace": "http://www.w3.org/1999/xhtml",
                "next": [Circular],
                "parent": [Circular],
                "prev": null,
                "type": "tag",
                "x-attribsNamespace": Object {
                  "class": undefined,
                },
                "x-attribsPrefix": Object {
                  "class": undefined,
                },
              },
              "type": "tag",
              "x-attribsNamespace": Object {
                "class": undefined,
              },
              "x-attribsPrefix": Object {
                "class": undefined,
              },
            },
            Object {
              "attribs": Object {
                "class": "sc-AykKC fhVZNx css-vurnku",
              },
              "children": Array [],
              "name": "div",
              "namespace": "http://www.w3.org/1999/xhtml",
              "next": Object {
                "attribs": Object {
                  "class": "sc-AykKC ljxIMJ css-vurnku",
                },
                "children": Array [],
                "name": "div",
                "namespace": "http://www.w3.org/1999/xhtml",
                "next": null,
                "parent": [Circular],
                "prev": [Circular],
                "type": "tag",
                "x-attribsNamespace": Object {
                  "class": undefined,
                },
                "x-attribsPrefix": Object {
                  "class": undefined,
                },
              },
              "parent": [Circular],
              "prev": Object {
                "attribs": Object {
                  "class": "sc-AykKC ljxIMJ css-vurnku",
                },
                "children": Array [],
                "name": "div",
                "namespace": "http://www.w3.org/1999/xhtml",
                "next": [Circular],
                "parent": [Circular],
                "prev": Object {
                  "attribs": Object {
                    "class": "sc-AykKC fhVZNx css-vurnku",
                  },
                  "children": Array [],
                  "name": "div",
                  "namespace": "http://www.w3.org/1999/xhtml",
                  "next": [Circular],
                  "parent": [Circular],
                  "prev": null,
                  "type": "tag",
                  "x-attribsNamespace": Object {
                    "class": undefined,
                  },
                  "x-attribsPrefix": Object {
                    "class": undefined,
                  },
                },
                "type": "tag",
                "x-attribsNamespace": Object {
                  "class": undefined,
                },
                "x-attribsPrefix": Object {
                  "class": undefined,
                },
              },
              "type": "tag",
              "x-attribsNamespace": Object {
                "class": undefined,
              },
              "x-attribsPrefix": Object {
                "class": undefined,
              },
            },
            Object {
              "attribs": Object {
                "class": "sc-AykKC ljxIMJ css-vurnku",
              },
              "children": Array [],
              "name": "div",
              "namespace": "http://www.w3.org/1999/xhtml",
              "next": null,
              "parent": [Circular],
              "prev": Object {
                "attribs": Object {
                  "class": "sc-AykKC fhVZNx css-vurnku",
                },
                "children": Array [],
                "name": "div",
                "namespace": "http://www.w3.org/1999/xhtml",
                "next": [Circular],
                "parent": [Circular],
                "prev": Object {
                  "attribs": Object {
                    "class": "sc-AykKC ljxIMJ css-vurnku",
                  },
                  "children": Array [],
                  "name": "div",
                  "namespace": "http://www.w3.org/1999/xhtml",
                  "next": [Circular],
                  "parent": [Circular],
                  "prev": Object {
                    "attribs": Object {
                      "class": "sc-AykKC fhVZNx css-vurnku",
                    },
                    "children": Array [],
                    "name": "div",
                    "namespace": "http://www.w3.org/1999/xhtml",
                    "next": [Circular],
                    "parent": [Circular],
                    "prev": null,
                    "type": "tag",
                    "x-attribsNamespace": Object {
                      "class": undefined,
                    },
                    "x-attribsPrefix": Object {
                      "class": undefined,
                    },
                  },
                  "type": "tag",
                  "x-attribsNamespace": Object {
                    "class": undefined,
                  },
                  "x-attribsPrefix": Object {
                    "class": undefined,
                  },
                },
                "type": "tag",
                "x-attribsNamespace": Object {
                  "class": undefined,
                },
                "x-attribsPrefix": Object {
                  "class": undefined,
                },
              },
              "type": "tag",
              "x-attribsNamespace": Object {
                "class": undefined,
              },
              "x-attribsPrefix": Object {
                "class": undefined,
              },
            },
          ],
          "name": "div",
          "namespace": "http://www.w3.org/1999/xhtml",
          "next": null,
          "parent": [Circular],
          "prev": [Circular],
          "type": "tag",
          "x-attribsNamespace": Object {
            "class": undefined,
          },
          "x-attribsPrefix": Object {
            "class": undefined,
          },
        },
        "parent": [Circular],
        "prev": null,
        "type": "tag",
        "x-attribsNamespace": Object {
          "class": undefined,
        },
        "x-attribsPrefix": Object {
          "class": undefined,
        },
      },
      Object {
        "attribs": Object {
          "class": "css-1tbpetn",
        },
        "children": Array [
          Object {
            "attribs": Object {
              "class": "sc-AykKC fhVZNx css-vurnku",
            },
            "children": Array [],
            "name": "div",
            "namespace": "http://www.w3.org/1999/xhtml",
            "next": Object {
              "attribs": Object {
                "class": "sc-AykKC ljxIMJ css-vurnku",
              },
              "children": Array [],
              "name": "div",
              "namespace": "http://www.w3.org/1999/xhtml",
              "next": Object {
                "attribs": Object {
                  "class": "sc-AykKC fhVZNx css-vurnku",
                },
                "children": Array [],
                "name": "div",
                "namespace": "http://www.w3.org/1999/xhtml",
                "next": Object {
                  "attribs": Object {
                    "class": "sc-AykKC ljxIMJ css-vurnku",
                  },
                  "children": Array [],
                  "name": "div",
                  "namespace": "http://www.w3.org/1999/xhtml",
                  "next": null,
                  "parent": [Circular],
                  "prev": [Circular],
                  "type": "tag",
                  "x-attribsNamespace": Object {
                    "class": undefined,
                  },
                  "x-attribsPrefix": Object {
                    "class": undefined,
                  },
                },
                "parent": [Circular],
                "prev": [Circular],
                "type": "tag",
                "x-attribsNamespace": Object {
                  "class": undefined,
                },
                "x-attribsPrefix": Object {
                  "class": undefined,
                },
              },
              "parent": [Circular],
              "prev": [Circular],
              "type": "tag",
              "x-attribsNamespace": Object {
                "class": undefined,
              },
              "x-attribsPrefix": Object {
                "class": undefined,
              },
            },
            "parent": [Circular],
            "prev": null,
            "type": "tag",
            "x-attribsNamespace": Object {
              "class": undefined,
            },
            "x-attribsPrefix": Object {
              "class": undefined,
            },
          },
          Object {
            "attribs": Object {
              "class": "sc-AykKC ljxIMJ css-vurnku",
            },
            "children": Array [],
            "name": "div",
            "namespace": "http://www.w3.org/1999/xhtml",
            "next": Object {
              "attribs": Object {
                "class": "sc-AykKC fhVZNx css-vurnku",
              },
              "children": Array [],
              "name": "div",
              "namespace": "http://www.w3.org/1999/xhtml",
              "next": Object {
                "attribs": Object {
                  "class": "sc-AykKC ljxIMJ css-vurnku",
                },
                "children": Array [],
                "name": "div",
                "namespace": "http://www.w3.org/1999/xhtml",
                "next": null,
                "parent": [Circular],
                "prev": [Circular],
                "type": "tag",
                "x-attribsNamespace": Object {
                  "class": undefined,
                },
                "x-attribsPrefix": Object {
                  "class": undefined,
                },
              },
              "parent": [Circular],
              "prev": [Circular],
              "type": "tag",
              "x-attribsNamespace": Object {
                "class": undefined,
              },
              "x-attribsPrefix": Object {
                "class": undefined,
              },
            },
            "parent": [Circular],
            "prev": Object {
              "attribs": Object {
                "class": "sc-AykKC fhVZNx css-vurnku",
              },
              "children": Array [],
              "name": "div",
              "namespace": "http://www.w3.org/1999/xhtml",
              "next": [Circular],
              "parent": [Circular],
              "prev": null,
              "type": "tag",
              "x-attribsNamespace": Object {
                "class": undefined,
              },
              "x-attribsPrefix": Object {
                "class": undefined,
              },
            },
            "type": "tag",
            "x-attribsNamespace": Object {
              "class": undefined,
            },
            "x-attribsPrefix": Object {
              "class": undefined,
            },
          },
          Object {
            "attribs": Object {
              "class": "sc-AykKC fhVZNx css-vurnku",
            },
            "children": Array [],
            "name": "div",
            "namespace": "http://www.w3.org/1999/xhtml",
            "next": Object {
              "attribs": Object {
                "class": "sc-AykKC ljxIMJ css-vurnku",
              },
              "children": Array [],
              "name": "div",
              "namespace": "http://www.w3.org/1999/xhtml",
              "next": null,
              "parent": [Circular],
              "prev": [Circular],
              "type": "tag",
              "x-attribsNamespace": Object {
                "class": undefined,
              },
              "x-attribsPrefix": Object {
                "class": undefined,
              },
            },
            "parent": [Circular],
            "prev": Object {
              "attribs": Object {
                "class": "sc-AykKC ljxIMJ css-vurnku",
              },
              "children": Array [],
              "name": "div",
              "namespace": "http://www.w3.org/1999/xhtml",
              "next": [Circular],
              "parent": [Circular],
              "prev": Object {
                "attribs": Object {
                  "class": "sc-AykKC fhVZNx css-vurnku",
                },
                "children": Array [],
                "name": "div",
                "namespace": "http://www.w3.org/1999/xhtml",
                "next": [Circular],
                "parent": [Circular],
                "prev": null,
                "type": "tag",
                "x-attribsNamespace": Object {
                  "class": undefined,
                },
                "x-attribsPrefix": Object {
                  "class": undefined,
                },
              },
              "type": "tag",
              "x-attribsNamespace": Object {
                "class": undefined,
              },
              "x-attribsPrefix": Object {
                "class": undefined,
              },
            },
            "type": "tag",
            "x-attribsNamespace": Object {
              "class": undefined,
            },
            "x-attribsPrefix": Object {
              "class": undefined,
            },
          },
          Object {
            "attribs": Object {
              "class": "sc-AykKC ljxIMJ css-vurnku",
            },
            "children": Array [],
            "name": "div",
            "namespace": "http://www.w3.org/1999/xhtml",
            "next": null,
            "parent": [Circular],
            "prev": Object {
              "attribs": Object {
                "class": "sc-AykKC fhVZNx css-vurnku",
              },
              "children": Array [],
              "name": "div",
              "namespace": "http://www.w3.org/1999/xhtml",
              "next": [Circular],
              "parent": [Circular],
              "prev": Object {
                "attribs": Object {
                  "class": "sc-AykKC ljxIMJ css-vurnku",
                },
                "children": Array [],
                "name": "div",
                "namespace": "http://www.w3.org/1999/xhtml",
                "next": [Circular],
                "parent": [Circular],
                "prev": Object {
                  "attribs": Object {
                    "class": "sc-AykKC fhVZNx css-vurnku",
                  },
                  "children": Array [],
                  "name": "div",
                  "namespace": "http://www.w3.org/1999/xhtml",
                  "next": [Circular],
                  "parent": [Circular],
                  "prev": null,
                  "type": "tag",
                  "x-attribsNamespace": Object {
                    "class": undefined,
                  },
                  "x-attribsPrefix": Object {
                    "class": undefined,
                  },
                },
                "type": "tag",
                "x-attribsNamespace": Object {
                  "class": undefined,
                },
                "x-attribsPrefix": Object {
                  "class": undefined,
                },
              },
              "type": "tag",
              "x-attribsNamespace": Object {
                "class": undefined,
              },
              "x-attribsPrefix": Object {
                "class": undefined,
              },
            },
            "type": "tag",
            "x-attribsNamespace": Object {
              "class": undefined,
            },
            "x-attribsPrefix": Object {
              "class": undefined,
            },
          },
        ],
        "name": "div",
        "namespace": "http://www.w3.org/1999/xhtml",
        "next": null,
        "parent": [Circular],
        "prev": Object {
          "attribs": Object {
            "class": "css-112hoo",
          },
          "children": Array [
            Object {
              "attribs": Object {
                "class": "css-vysmdk",
              },
              "children": Array [
                Object {
                  "attribs": Object {
                    "class": "css-o49gr9",
                    "disabled": "",
                  },
                  "children": Array [
                    Object {
                      "data": "Active Orders",
                      "next": null,
                      "parent": [Circular],
                      "prev": null,
                      "type": "text",
                    },
                  ],
                  "name": "button",
                  "namespace": "http://www.w3.org/1999/xhtml",
                  "next": Object {
                    "attribs": Object {
                      "class": "css-1t2d71z",
                    },
                    "children": Array [
                      Object {
                        "data": "Historical Orders",
                        "next": null,
                        "parent": [Circular],
                        "prev": null,
                        "type": "text",
                      },
                    ],
                    "name": "button",
                    "namespace": "http://www.w3.org/1999/xhtml",
                    "next": null,
                    "parent": [Circular],
                    "prev": [Circular],
                    "type": "tag",
                    "x-attribsNamespace": Object {
                      "class": undefined,
                    },
                    "x-attribsPrefix": Object {
                      "class": undefined,
                    },
                  },
                  "parent": [Circular],
                  "prev": null,
                  "type": "tag",
                  "x-attribsNamespace": Object {
                    "class": undefined,
                    "disabled": undefined,
                  },
                  "x-attribsPrefix": Object {
                    "class": undefined,
                    "disabled": undefined,
                  },
                },
                Object {
                  "attribs": Object {
                    "class": "css-1t2d71z",
                  },
                  "children": Array [
                    Object {
                      "data": "Historical Orders",
                      "next": null,
                      "parent": [Circular],
                      "prev": null,
                      "type": "text",
                    },
                  ],
                  "name": "button",
                  "namespace": "http://www.w3.org/1999/xhtml",
                  "next": null,
                  "parent": [Circular],
                  "prev": Object {
                    "attribs": Object {
                      "class": "css-o49gr9",
                      "disabled": "",
                    },
                    "children": Array [
                      Object {
                        "data": "Active Orders",
                        "next": null,
                        "parent": [Circular],
                        "prev": null,
                        "type": "text",
                      },
                    ],
                    "name": "button",
                    "namespace": "http://www.w3.org/1999/xhtml",
                    "next": [Circular],
                    "parent": [Circular],
                    "prev": null,
                    "type": "tag",
                    "x-attribsNamespace": Object {
                      "class": undefined,
                      "disabled": undefined,
                    },
                    "x-attribsPrefix": Object {
                      "class": undefined,
                      "disabled": undefined,
                    },
                  },
                  "type": "tag",
                  "x-attribsNamespace": Object {
                    "class": undefined,
                  },
                  "x-attribsPrefix": Object {
                    "class": undefined,
                  },
                },
              ],
              "name": "div",
              "namespace": "http://www.w3.org/1999/xhtml",
              "next": null,
              "parent": [Circular],
              "prev": null,
              "type": "tag",
              "x-attribsNamespace": Object {
                "class": undefined,
              },
              "x-attribsPrefix": Object {
                "class": undefined,
              },
            },
          ],
          "name": "div",
          "namespace": "http://www.w3.org/1999/xhtml",
          "next": [Circular],
          "parent": [Circular],
          "prev": null,
          "type": "tag",
          "x-attribsNamespace": Object {
            "class": undefined,
          },
          "x-attribsPrefix": Object {
            "class": undefined,
          },
        },
        "type": "tag",
        "x-attribsNamespace": Object {
          "class": undefined,
        },
        "x-attribsPrefix": Object {
          "class": undefined,
        },
      },
    ],
    "name": "div",
    "namespace": "http://www.w3.org/1999/xhtml",
    "next": null,
    "parent": null,
    "prev": null,
    "root": Object {
      "attribs": Object {},
      "children": Array [
        [Circular],
      ],
      "name": "root",
      "namespace": "http://www.w3.org/1999/xhtml",
      "next": null,
      "parent": null,
      "prev": null,
      "type": "root",
      "x-attribsNamespace": Object {},
      "x-attribsPrefix": Object {},
    },
    "type": "tag",
    "x-attribsNamespace": Object {
      "class": undefined,
    },
    "x-attribsPrefix": Object {
      "class": undefined,
    },
  },
  "_root": [Circular],
  "length": 1,
  "options": Object {
    "decodeEntities": true,
    "normalizeWhitespace": false,
    "withDomLvl1": true,
    "xml": false,
  },
}
`;
